Archive member included because of file (symbol)

d:/eclipse/sdk_win_64/sdk_win_64/winavr/bin/../lib/gcc/avr/4.3.3/avr5\libgcc.a(_mulsi3.o)
                              ./03-HAL/07-LM35/LM35_Program.o (__mulsi3)
d:/eclipse/sdk_win_64/sdk_win_64/winavr/bin/../lib/gcc/avr/4.3.3/avr5\libgcc.a(_udivmodqi4.o)
                              ./03-HAL/02-SEVEN_SEGMENT/SEVEN_SEGMENT_Program.o (__udivmodqi4)
d:/eclipse/sdk_win_64/sdk_win_64/winavr/bin/../lib/gcc/avr/4.3.3/avr5\libgcc.a(_udivmodsi4.o)
                              ./03-HAL/08-POT/POT_Program.o (__udivmodsi4)
d:/eclipse/sdk_win_64/sdk_win_64/winavr/bin/../lib/gcc/avr/4.3.3/avr5\libgcc.a(_divmodsi4.o)
                              ./03-HAL/04-CLCD/CLCD_Program.o (__divmodsi4)
d:/eclipse/sdk_win_64/sdk_win_64/winavr/bin/../lib/gcc/avr/4.3.3/avr5\libgcc.a(_exit.o)
                              d:/eclipse/sdk_win_64/sdk_win_64/winavr/bin/../lib/gcc/avr/4.3.3/../../../../avr/lib/avr5/crtm32.o (exit)
d:/eclipse/sdk_win_64/sdk_win_64/winavr/bin/../lib/gcc/avr/4.3.3/avr5\libgcc.a(_copy_data.o)
                              ./03-HAL/05-KPD/KPD_Program.o (__do_copy_data)
d:/eclipse/sdk_win_64/sdk_win_64/winavr/bin/../lib/gcc/avr/4.3.3/avr5\libgcc.a(_clear_bss.o)
                              ./04-MCAL/05-TIMER0/TIMER0_Program.o (__do_clear_bss)
d:/eclipse/sdk_win_64/sdk_win_64/winavr/bin/../lib/gcc/avr/4.3.3/avr5\libgcc.a(_fixunssfsi.o)
                              ./03-HAL/05-KPD/KPD_Program.o (__fixunssfsi)
d:/eclipse/sdk_win_64/sdk_win_64/winavr/bin/../lib/gcc/avr/4.3.3/avr5\libgcc.a(_udivdi3.o)
                              ./03-HAL/04-CLCD/CLCD_Program.o (__udivdi3)
d:/eclipse/sdk_win_64/sdk_win_64/winavr/bin/../lib/gcc/avr/4.3.3/avr5\libgcc.a(_umoddi3.o)
                              ./03-HAL/04-CLCD/CLCD_Program.o (__umoddi3)
d:/eclipse/sdk_win_64/sdk_win_64/winavr/bin/../lib/gcc/avr/4.3.3/avr5\libgcc.a(_addsub_sf.o)
                              d:/eclipse/sdk_win_64/sdk_win_64/winavr/bin/../lib/gcc/avr/4.3.3/avr5\libgcc.a(_fixunssfsi.o) (__subsf3)
d:/eclipse/sdk_win_64/sdk_win_64/winavr/bin/../lib/gcc/avr/4.3.3/avr5\libgcc.a(_mul_sf.o)
                              ./03-HAL/05-KPD/KPD_Program.o (__mulsf3)
d:/eclipse/sdk_win_64/sdk_win_64/winavr/bin/../lib/gcc/avr/4.3.3/avr5\libgcc.a(_gt_sf.o)
                              ./03-HAL/05-KPD/KPD_Program.o (__gtsf2)
d:/eclipse/sdk_win_64/sdk_win_64/winavr/bin/../lib/gcc/avr/4.3.3/avr5\libgcc.a(_ge_sf.o)
                              d:/eclipse/sdk_win_64/sdk_win_64/winavr/bin/../lib/gcc/avr/4.3.3/avr5\libgcc.a(_fixunssfsi.o) (__gesf2)
d:/eclipse/sdk_win_64/sdk_win_64/winavr/bin/../lib/gcc/avr/4.3.3/avr5\libgcc.a(_lt_sf.o)
                              ./03-HAL/05-KPD/KPD_Program.o (__ltsf2)
d:/eclipse/sdk_win_64/sdk_win_64/winavr/bin/../lib/gcc/avr/4.3.3/avr5\libgcc.a(_sf_to_si.o)
                              d:/eclipse/sdk_win_64/sdk_win_64/winavr/bin/../lib/gcc/avr/4.3.3/avr5\libgcc.a(_fixunssfsi.o) (__fixsfsi)
d:/eclipse/sdk_win_64/sdk_win_64/winavr/bin/../lib/gcc/avr/4.3.3/avr5\libgcc.a(_thenan_sf.o)
                              d:/eclipse/sdk_win_64/sdk_win_64/winavr/bin/../lib/gcc/avr/4.3.3/avr5\libgcc.a(_addsub_sf.o) (__thenan_sf)
d:/eclipse/sdk_win_64/sdk_win_64/winavr/bin/../lib/gcc/avr/4.3.3/avr5\libgcc.a(_prologue.o)
                              d:/eclipse/sdk_win_64/sdk_win_64/winavr/bin/../lib/gcc/avr/4.3.3/avr5\libgcc.a(_udivdi3.o) (__prologue_saves__)
d:/eclipse/sdk_win_64/sdk_win_64/winavr/bin/../lib/gcc/avr/4.3.3/avr5\libgcc.a(_epilogue.o)
                              d:/eclipse/sdk_win_64/sdk_win_64/winavr/bin/../lib/gcc/avr/4.3.3/avr5\libgcc.a(_udivdi3.o) (__epilogue_restores__)
d:/eclipse/sdk_win_64/sdk_win_64/winavr/bin/../lib/gcc/avr/4.3.3/avr5\libgcc.a(_clz.o)
                              d:/eclipse/sdk_win_64/sdk_win_64/winavr/bin/../lib/gcc/avr/4.3.3/avr5\libgcc.a(_udivdi3.o) (__clz_tab)
d:/eclipse/sdk_win_64/sdk_win_64/winavr/bin/../lib/gcc/avr/4.3.3/avr5\libgcc.a(_pack_sf.o)
                              d:/eclipse/sdk_win_64/sdk_win_64/winavr/bin/../lib/gcc/avr/4.3.3/avr5\libgcc.a(_addsub_sf.o) (__pack_f)
d:/eclipse/sdk_win_64/sdk_win_64/winavr/bin/../lib/gcc/avr/4.3.3/avr5\libgcc.a(_unpack_sf.o)
                              d:/eclipse/sdk_win_64/sdk_win_64/winavr/bin/../lib/gcc/avr/4.3.3/avr5\libgcc.a(_addsub_sf.o) (__unpack_f)
d:/eclipse/sdk_win_64/sdk_win_64/winavr/bin/../lib/gcc/avr/4.3.3/avr5\libgcc.a(_fpcmp_parts_sf.o)
                              d:/eclipse/sdk_win_64/sdk_win_64/winavr/bin/../lib/gcc/avr/4.3.3/avr5\libgcc.a(_gt_sf.o) (__fpcmp_parts_f)

Memory Configuration

Name             Origin             Length             Attributes
text             0x00000000         0x00020000         xr
data             0x00800060         0x0000ffa0         rw !x
eeprom           0x00810000         0x00010000         rw !x
fuse             0x00820000         0x00000400         rw !x
lock             0x00830000         0x00000400         rw !x
signature        0x00840000         0x00000400         rw !x
*default*        0x00000000         0xffffffff

Linker script and memory map

LOAD d:/eclipse/sdk_win_64/sdk_win_64/winavr/bin/../lib/gcc/avr/4.3.3/../../../../avr/lib/avr5/crtm32.o
LOAD ./04-MCAL/05-TIMER0/TIMER0_Program.o
LOAD ./04-MCAL/04-GIE/GIE_Program.o
LOAD ./04-MCAL/03-ADC/ADC_Program.o
LOAD ./04-MCAL/02-EXTI/EXTI_Program.o
LOAD ./04-MCAL/01-DIO/DIO_Program.o
LOAD ./03-HAL/09-LDR/LDR_Program.o
LOAD ./03-HAL/08-POT/POT_Program.o
LOAD ./03-HAL/07-LM35/LM35_Program.o
LOAD ./03-HAL/06-DC_MOTOR/DC_Motor_Program.o
LOAD ./03-HAL/05-KPD/KPD_Program.o
LOAD ./03-HAL/04-CLCD/CLCD_Program.o
LOAD ./03-HAL/03-BUSH_BUTTON/BushButton_Program.o
LOAD ./03-HAL/02-SEVEN_SEGMENT/SEVEN_SEGMENT_Program.o
LOAD ./03-HAL/01-LED/LED_Progam.o
LOAD ./02-APP/main.o
LOAD d:/eclipse/sdk_win_64/sdk_win_64/winavr/bin/../lib/gcc/avr/4.3.3/avr5\libgcc.a
LOAD d:/eclipse/sdk_win_64/sdk_win_64/winavr/bin/../lib/gcc/avr/4.3.3/../../../../avr/lib/avr5\libc.a
LOAD d:/eclipse/sdk_win_64/sdk_win_64/winavr/bin/../lib/gcc/avr/4.3.3/avr5\libgcc.a

.hash
 *(.hash)

.dynsym
 *(.dynsym)

.dynstr
 *(.dynstr)

.gnu.version
 *(.gnu.version)

.gnu.version_d
 *(.gnu.version_d)

.gnu.version_r
 *(.gnu.version_r)

.rel.init
 *(.rel.init)

.rela.init
 *(.rela.init)

.rel.text
 *(.rel.text)
 *(.rel.text.*)
 *(.rel.gnu.linkonce.t*)

.rela.text
 *(.rela.text)
 *(.rela.text.*)
 *(.rela.gnu.linkonce.t*)

.rel.fini
 *(.rel.fini)

.rela.fini
 *(.rela.fini)

.rel.rodata
 *(.rel.rodata)
 *(.rel.rodata.*)
 *(.rel.gnu.linkonce.r*)

.rela.rodata
 *(.rela.rodata)
 *(.rela.rodata.*)
 *(.rela.gnu.linkonce.r*)

.rel.data
 *(.rel.data)
 *(.rel.data.*)
 *(.rel.gnu.linkonce.d*)

.rela.data
 *(.rela.data)
 *(.rela.data.*)
 *(.rela.gnu.linkonce.d*)

.rel.ctors
 *(.rel.ctors)

.rela.ctors
 *(.rela.ctors)

.rel.dtors
 *(.rel.dtors)

.rela.dtors
 *(.rela.dtors)

.rel.got
 *(.rel.got)

.rela.got
 *(.rela.got)

.rel.bss
 *(.rel.bss)

.rela.bss
 *(.rela.bss)

.rel.plt
 *(.rel.plt)

.rela.plt
 *(.rela.plt)

.text           0x00000000     0x4ce6
 *(.vectors)
 .vectors       0x00000000       0x54 d:/eclipse/sdk_win_64/sdk_win_64/winavr/bin/../lib/gcc/avr/4.3.3/../../../../avr/lib/avr5/crtm32.o
                0x00000000                __vectors
                0x00000000                __vector_default
 *(.vectors)
 *(.progmem.gcc*)
 *(.progmem*)
                0x00000054                . = ALIGN (0x2)
                0x00000054                __trampolines_start = .
 *(.trampolines)
 .trampolines   0x00000054        0x0 linker stubs
 *(.trampolines*)
                0x00000054                __trampolines_end = .
 *(.jumptables)
 *(.jumptables*)
 *(.lowtext)
 *(.lowtext*)
                0x00000054                __ctors_start = .
 *(.ctors)
                0x00000054                __ctors_end = .
                0x00000054                __dtors_start = .
 *(.dtors)
                0x00000054                __dtors_end = .
 SORT(*)(.ctors)
 SORT(*)(.dtors)
 *(.init0)
 .init0         0x00000054        0x0 d:/eclipse/sdk_win_64/sdk_win_64/winavr/bin/../lib/gcc/avr/4.3.3/../../../../avr/lib/avr5/crtm32.o
                0x00000054                __init
 *(.init0)
 *(.init1)
 *(.init1)
 *(.init2)
 .init2         0x00000054        0xc d:/eclipse/sdk_win_64/sdk_win_64/winavr/bin/../lib/gcc/avr/4.3.3/../../../../avr/lib/avr5/crtm32.o
 *(.init2)
 *(.init3)
 *(.init3)
 *(.init4)
 .init4         0x00000060       0x16 d:/eclipse/sdk_win_64/sdk_win_64/winavr/bin/../lib/gcc/avr/4.3.3/avr5\libgcc.a(_copy_data.o)
                0x00000060                __do_copy_data
 .init4         0x00000076       0x10 d:/eclipse/sdk_win_64/sdk_win_64/winavr/bin/../lib/gcc/avr/4.3.3/avr5\libgcc.a(_clear_bss.o)
                0x00000076                __do_clear_bss
 *(.init4)
 *(.init5)
 *(.init5)
 *(.init6)
 *(.init6)
 *(.init7)
 *(.init7)
 *(.init8)
 *(.init8)
 *(.init9)
 .init9         0x00000086        0x8 d:/eclipse/sdk_win_64/sdk_win_64/winavr/bin/../lib/gcc/avr/4.3.3/../../../../avr/lib/avr5/crtm32.o
 *(.init9)
 *(.text)
 .text          0x0000008e        0x4 d:/eclipse/sdk_win_64/sdk_win_64/winavr/bin/../lib/gcc/avr/4.3.3/../../../../avr/lib/avr5/crtm32.o
                0x0000008e                __vector_12
                0x0000008e                __bad_interrupt
                0x0000008e                __vector_6
                0x0000008e                __vector_13
                0x0000008e                __vector_17
                0x0000008e                __vector_19
                0x0000008e                __vector_7
                0x0000008e                __vector_5
                0x0000008e                __vector_4
                0x0000008e                __vector_9
                0x0000008e                __vector_15
                0x0000008e                __vector_8
                0x0000008e                __vector_14
                0x0000008e                __vector_16
                0x0000008e                __vector_18
                0x0000008e                __vector_20
 .text          0x00000092        0x0 ./04-MCAL/05-TIMER0/TIMER0_Program.o
 .text          0x00000092        0x0 ./04-MCAL/04-GIE/GIE_Program.o
 .text          0x00000092        0x0 ./04-MCAL/03-ADC/ADC_Program.o
 .text          0x00000092        0x0 ./04-MCAL/02-EXTI/EXTI_Program.o
 .text          0x00000092        0x0 ./04-MCAL/01-DIO/DIO_Program.o
 .text          0x00000092        0x0 ./03-HAL/09-LDR/LDR_Program.o
 .text          0x00000092        0x0 ./03-HAL/08-POT/POT_Program.o
 .text          0x00000092        0x0 ./03-HAL/07-LM35/LM35_Program.o
 .text          0x00000092        0x0 ./03-HAL/06-DC_MOTOR/DC_Motor_Program.o
 .text          0x00000092        0x0 ./03-HAL/05-KPD/KPD_Program.o
 .text          0x00000092        0x0 ./03-HAL/04-CLCD/CLCD_Program.o
 .text          0x00000092        0x0 ./03-HAL/03-BUSH_BUTTON/BushButton_Program.o
 .text          0x00000092        0x0 ./03-HAL/02-SEVEN_SEGMENT/SEVEN_SEGMENT_Program.o
 .text          0x00000092        0x0 ./03-HAL/01-LED/LED_Progam.o
 .text          0x00000092        0x0 ./02-APP/main.o
 .text          0x00000092        0x0 d:/eclipse/sdk_win_64/sdk_win_64/winavr/bin/../lib/gcc/avr/4.3.3/avr5\libgcc.a(_mulsi3.o)
 .text          0x00000092        0x0 d:/eclipse/sdk_win_64/sdk_win_64/winavr/bin/../lib/gcc/avr/4.3.3/avr5\libgcc.a(_udivmodqi4.o)
 .text          0x00000092        0x0 d:/eclipse/sdk_win_64/sdk_win_64/winavr/bin/../lib/gcc/avr/4.3.3/avr5\libgcc.a(_udivmodsi4.o)
 .text          0x00000092        0x0 d:/eclipse/sdk_win_64/sdk_win_64/winavr/bin/../lib/gcc/avr/4.3.3/avr5\libgcc.a(_divmodsi4.o)
 .text          0x00000092        0x0 d:/eclipse/sdk_win_64/sdk_win_64/winavr/bin/../lib/gcc/avr/4.3.3/avr5\libgcc.a(_exit.o)
 .text          0x00000092        0x0 d:/eclipse/sdk_win_64/sdk_win_64/winavr/bin/../lib/gcc/avr/4.3.3/avr5\libgcc.a(_copy_data.o)
 .text          0x00000092        0x0 d:/eclipse/sdk_win_64/sdk_win_64/winavr/bin/../lib/gcc/avr/4.3.3/avr5\libgcc.a(_clear_bss.o)
 .text          0x00000092       0x58 d:/eclipse/sdk_win_64/sdk_win_64/winavr/bin/../lib/gcc/avr/4.3.3/avr5\libgcc.a(_fixunssfsi.o)
                0x00000092                __fixunssfsi
 .text          0x000000ea      0xcea d:/eclipse/sdk_win_64/sdk_win_64/winavr/bin/../lib/gcc/avr/4.3.3/avr5\libgcc.a(_udivdi3.o)
                0x000000ea                __udivdi3
 .text          0x00000dd4      0xce0 d:/eclipse/sdk_win_64/sdk_win_64/winavr/bin/../lib/gcc/avr/4.3.3/avr5\libgcc.a(_umoddi3.o)
                0x00000dd4                __umoddi3
 .text          0x00001ab4      0x354 d:/eclipse/sdk_win_64/sdk_win_64/winavr/bin/../lib/gcc/avr/4.3.3/avr5\libgcc.a(_addsub_sf.o)
                0x00001d4c                __subsf3
                0x00001dae                __addsf3
 .text          0x00001e08      0x1f4 d:/eclipse/sdk_win_64/sdk_win_64/winavr/bin/../lib/gcc/avr/4.3.3/avr5\libgcc.a(_mul_sf.o)
                0x00001e08                __mulsf3
 .text          0x00001ffc       0x60 d:/eclipse/sdk_win_64/sdk_win_64/winavr/bin/../lib/gcc/avr/4.3.3/avr5\libgcc.a(_gt_sf.o)
                0x00001ffc                __gtsf2
 .text          0x0000205c       0x60 d:/eclipse/sdk_win_64/sdk_win_64/winavr/bin/../lib/gcc/avr/4.3.3/avr5\libgcc.a(_ge_sf.o)
                0x0000205c                __gesf2
 .text          0x000020bc       0x60 d:/eclipse/sdk_win_64/sdk_win_64/winavr/bin/../lib/gcc/avr/4.3.3/avr5\libgcc.a(_lt_sf.o)
                0x000020bc                __ltsf2
 .text          0x0000211c       0xa8 d:/eclipse/sdk_win_64/sdk_win_64/winavr/bin/../lib/gcc/avr/4.3.3/avr5\libgcc.a(_sf_to_si.o)
                0x0000211c                __fixsfsi
 .text          0x000021c4        0x0 d:/eclipse/sdk_win_64/sdk_win_64/winavr/bin/../lib/gcc/avr/4.3.3/avr5\libgcc.a(_thenan_sf.o)
 .text          0x000021c4        0x0 d:/eclipse/sdk_win_64/sdk_win_64/winavr/bin/../lib/gcc/avr/4.3.3/avr5\libgcc.a(_prologue.o)
 .text          0x000021c4        0x0 d:/eclipse/sdk_win_64/sdk_win_64/winavr/bin/../lib/gcc/avr/4.3.3/avr5\libgcc.a(_epilogue.o)
 .text          0x000021c4        0x0 d:/eclipse/sdk_win_64/sdk_win_64/winavr/bin/../lib/gcc/avr/4.3.3/avr5\libgcc.a(_clz.o)
 .text          0x000021c4      0x1aa d:/eclipse/sdk_win_64/sdk_win_64/winavr/bin/../lib/gcc/avr/4.3.3/avr5\libgcc.a(_pack_sf.o)
                0x000021c4                __pack_f
 .text          0x0000236e       0xf0 d:/eclipse/sdk_win_64/sdk_win_64/winavr/bin/../lib/gcc/avr/4.3.3/avr5\libgcc.a(_unpack_sf.o)
                0x0000236e                __unpack_f
 .text          0x0000245e       0xb2 d:/eclipse/sdk_win_64/sdk_win_64/winavr/bin/../lib/gcc/avr/4.3.3/avr5\libgcc.a(_fpcmp_parts_sf.o)
                0x0000245e                __fpcmp_parts_f
                0x00002510                . = ALIGN (0x2)
 *(.text.*)
 .text.TIMER0_init
                0x00002510       0x84 ./04-MCAL/05-TIMER0/TIMER0_Program.o
                0x00002510                TIMER0_init
 .text.TIMER0_SetCallBackOv
                0x00002594       0x24 ./04-MCAL/05-TIMER0/TIMER0_Program.o
                0x00002594                TIMER0_SetCallBackOv
 .text.TIMER0_SetCallBackCTC
                0x000025b8       0x24 ./04-MCAL/05-TIMER0/TIMER0_Program.o
                0x000025b8                TIMER0_SetCallBackCTC
 .text.TIMER0_SetPreloadValue
                0x000025dc       0x1c ./04-MCAL/05-TIMER0/TIMER0_Program.o
                0x000025dc                TIMER0_SetPreloadValue
 .text.TIMER0_SetCompareMatchValue
                0x000025f8       0x1c ./04-MCAL/05-TIMER0/TIMER0_Program.o
                0x000025f8                TIMER0_SetCompareMatchValue
 .text.__vector_11
                0x00002614       0x66 ./04-MCAL/05-TIMER0/TIMER0_Program.o
                0x00002614                __vector_11
 .text.__vector_10
                0x0000267a       0x66 ./04-MCAL/05-TIMER0/TIMER0_Program.o
                0x0000267a                __vector_10
 .text.GIE_EnableInterrupts
                0x000026e0       0x1c ./04-MCAL/04-GIE/GIE_Program.o
                0x000026e0                GIE_EnableInterrupts
 .text.GIE_DisableInterrupts
                0x000026fc       0x1c ./04-MCAL/04-GIE/GIE_Program.o
                0x000026fc                GIE_DisableInterrupts
 .text.ADC_voidInit
                0x00002718       0x8c ./04-MCAL/03-ADC/ADC_Program.o
                0x00002718                ADC_voidInit
 .text.ADC_u8StartConversion
                0x000027a4       0x80 ./04-MCAL/03-ADC/ADC_Program.o
                0x000027a4                ADC_u8StartConversion
 .text.EXTI_init
                0x00002824       0x38 ./04-MCAL/02-EXTI/EXTI_Program.o
                0x00002824                EXTI_init
 .text.EXTI_SetCallBack
                0x0000285c       0x58 ./04-MCAL/02-EXTI/EXTI_Program.o
                0x0000285c                EXTI_SetCallBack
 .text.__vector_1
                0x000028b4       0x66 ./04-MCAL/02-EXTI/EXTI_Program.o
                0x000028b4                __vector_1
 .text.__vector_2
                0x0000291a       0x66 ./04-MCAL/02-EXTI/EXTI_Program.o
                0x0000291a                __vector_2
 .text.__vector_3
                0x00002980       0x66 ./04-MCAL/02-EXTI/EXTI_Program.o
                0x00002980                __vector_3
 .text.DIO_voidSetPinDirection
                0x000029e6      0x204 ./04-MCAL/01-DIO/DIO_Program.o
                0x000029e6                DIO_voidSetPinDirection
 .text.DIO_voidSetPinValue
                0x00002bea      0x204 ./04-MCAL/01-DIO/DIO_Program.o
                0x00002bea                DIO_voidSetPinValue
 .text.DIO_voidSetPortDirection
                0x00002dee       0x84 ./04-MCAL/01-DIO/DIO_Program.o
                0x00002dee                DIO_voidSetPortDirection
 .text.DIO_voidSetPortValue
                0x00002e72       0x84 ./04-MCAL/01-DIO/DIO_Program.o
                0x00002e72                DIO_voidSetPortValue
 .text.DIO_voidToggleValue
                0x00002ef6       0xfc ./04-MCAL/01-DIO/DIO_Program.o
                0x00002ef6                DIO_voidToggleValue
 .text.DIO_u8GetPinValue
                0x00002ff2       0xf4 ./04-MCAL/01-DIO/DIO_Program.o
                0x00002ff2                DIO_u8GetPinValue
 .text.LDR_init
                0x000030e6       0x12 ./03-HAL/09-LDR/LDR_Program.o
                0x000030e6                LDR_init
 .text.LDR_CallValue
                0x000030f8       0x22 ./03-HAL/09-LDR/LDR_Program.o
                0x000030f8                LDR_CallValue
 .text.POT_init
                0x0000311a       0x12 ./03-HAL/08-POT/POT_Program.o
                0x0000311a                POT_init
 .text.POT_CallValue
                0x0000312c       0xaa ./03-HAL/08-POT/POT_Program.o
                0x0000312c                POT_CallValue
 .text.LM35_init
                0x000031d6       0x12 ./03-HAL/07-LM35/LM35_Program.o
                0x000031d6                LM35_init
 .text.LM35_CallValue
                0x000031e8       0xa0 ./03-HAL/07-LM35/LM35_Program.o
                0x000031e8                LM35_CallValue
 .text.DCMotor_init
                0x00003288       0x68 ./03-HAL/06-DC_MOTOR/DC_Motor_Program.o
                0x00003288                DCMotor_init
 .text.DCMotor_OFF
                0x000032f0       0x68 ./03-HAL/06-DC_MOTOR/DC_Motor_Program.o
                0x000032f0                DCMotor_OFF
 .text.DCMotor_SetCW
                0x00003358       0x68 ./03-HAL/06-DC_MOTOR/DC_Motor_Program.o
                0x00003358                DCMotor_SetCW
 .text.DCMotor_SetCCW
                0x000033c0       0x68 ./03-HAL/06-DC_MOTOR/DC_Motor_Program.o
                0x000033c0                DCMotor_SetCCW
 .text.KPD_init
                0x00003428       0x52 ./03-HAL/05-KPD/KPD_Program.o
                0x00003428                KPD_init
 .text.KPD_GetPressedKey
                0x0000347a      0x1a2 ./03-HAL/05-KPD/KPD_Program.o
                0x0000347a                KPD_GetPressedKey
 .text.CLCD_init
                0x0000361c      0x22c ./03-HAL/04-CLCD/CLCD_Program.o
                0x0000361c                CLCD_init
 .text.CLCD_WriteInes
                0x00003848      0x220 ./03-HAL/04-CLCD/CLCD_Program.o
                0x00003848                CLCD_WriteInes
 .text.CLCD_WriteData
                0x00003a68      0x220 ./03-HAL/04-CLCD/CLCD_Program.o
                0x00003a68                CLCD_WriteData
 .text.CLCD_WriteChar
                0x00003c88       0x1a ./03-HAL/04-CLCD/CLCD_Program.o
                0x00003c88                CLCD_WriteChar
 .text.CLCD_WriteString
                0x00003ca2       0x38 ./03-HAL/04-CLCD/CLCD_Program.o
                0x00003ca2                CLCD_WriteString
 .text.CLCD_GoTo
                0x00003cda       0x5a ./03-HAL/04-CLCD/CLCD_Program.o
                0x00003cda                CLCD_GoTo
 .text.CLCD_DisplayClear
                0x00003d34       0x14 ./03-HAL/04-CLCD/CLCD_Program.o
                0x00003d34                CLCD_DisplayClear
 .text.ConvertNumToASCII
                0x00003d48       0x18 ./03-HAL/04-CLCD/CLCD_Program.o
                0x00003d48                ConvertNumToASCII
 .text.CLCD_ReverseNumber
                0x00003d60       0xd8 ./03-HAL/04-CLCD/CLCD_Program.o
                0x00003d60                CLCD_ReverseNumber
 .text.CLCD_WriteNum
                0x00003e38      0x218 ./03-HAL/04-CLCD/CLCD_Program.o
                0x00003e38                CLCD_WriteNum
 .text.CLCD_PrintBinary
                0x00004050       0x60 ./03-HAL/04-CLCD/CLCD_Program.o
                0x00004050                CLCD_PrintBinary
 .text.CLCD_Draw_Char
                0x000040b0       0x64 ./03-HAL/04-CLCD/CLCD_Program.o
                0x000040b0                CLCD_Draw_Char
 .text.CLCD_printHEXNum
                0x00004114      0x1ae ./03-HAL/04-CLCD/CLCD_Program.o
                0x00004114                CLCD_printHEXNum
 .text.CLCD_WriteData_Pos
                0x000042c2       0x2c ./03-HAL/04-CLCD/CLCD_Program.o
                0x000042c2                CLCD_WriteData_Pos
 .text.CLCD_WriteString_Pos
                0x000042ee       0x32 ./03-HAL/04-CLCD/CLCD_Program.o
                0x000042ee                CLCD_WriteString_Pos
 .text.CLCD_WriteNum_Pos
                0x00004320       0x86 ./03-HAL/04-CLCD/CLCD_Program.o
                0x00004320                CLCD_WriteNum_Pos
 .text.BushButton_voidInit
                0x000043a6       0x38 ./03-HAL/03-BUSH_BUTTON/BushButton_Program.o
                0x000043a6                BushButton_voidInit
 .text.BushButton_voidRead
                0x000043de      0x148 ./03-HAL/03-BUSH_BUTTON/BushButton_Program.o
                0x000043de                BushButton_voidRead
 .text.SevenSegment_voidInit
                0x00004526       0x1e ./03-HAL/02-SEVEN_SEGMENT/SEVEN_SEGMENT_Program.o
                0x00004526                SevenSegment_voidInit
 .text.SevenSegment_voidDispaly
                0x00004544      0x2b6 ./03-HAL/02-SEVEN_SEGMENT/SEVEN_SEGMENT_Program.o
                0x00004544                SevenSegment_voidDispaly
 .text.LED_voidInit
                0x000047fa       0x1e ./03-HAL/01-LED/LED_Progam.o
                0x000047fa                LED_voidInit
 .text.LEDs_voidInit
                0x00004818       0x1c ./03-HAL/01-LED/LED_Progam.o
                0x00004818                LEDs_voidInit
 .text.LED_voidON
                0x00004834       0x1e ./03-HAL/01-LED/LED_Progam.o
                0x00004834                LED_voidON
 .text.LEDs_voidON
                0x00004852       0x1c ./03-HAL/01-LED/LED_Progam.o
                0x00004852                LEDs_voidON
 .text.LED_voidOFF
                0x0000486e       0x1e ./03-HAL/01-LED/LED_Progam.o
                0x0000486e                LED_voidOFF
 .text.LEDs_voidOFF
                0x0000488c       0x1c ./03-HAL/01-LED/LED_Progam.o
                0x0000488c                LEDs_voidOFF
 .text.OverFlow_vector
                0x000048a8       0x74 ./02-APP/main.o
                0x000048a8                OverFlow_vector
 .text.CTC_vector
                0x0000491c       0x6c ./02-APP/main.o
                0x0000491c                CTC_vector
 .text.main     0x00004988      0x21c ./02-APP/main.o
                0x00004988                main
 .text.libgcc   0x00004ba4       0x3e d:/eclipse/sdk_win_64/sdk_win_64/winavr/bin/../lib/gcc/avr/4.3.3/avr5\libgcc.a(_mulsi3.o)
                0x00004ba4                __mulsi3
 .text.libgcc   0x00004be2       0x18 d:/eclipse/sdk_win_64/sdk_win_64/winavr/bin/../lib/gcc/avr/4.3.3/avr5\libgcc.a(_udivmodqi4.o)
                0x00004be2                __udivmodqi4
 .text.libgcc   0x00004bfa       0x44 d:/eclipse/sdk_win_64/sdk_win_64/winavr/bin/../lib/gcc/avr/4.3.3/avr5\libgcc.a(_udivmodsi4.o)
                0x00004bfa                __udivmodsi4
 .text.libgcc   0x00004c3e       0x36 d:/eclipse/sdk_win_64/sdk_win_64/winavr/bin/../lib/gcc/avr/4.3.3/avr5\libgcc.a(_divmodsi4.o)
                0x00004c3e                __divmodsi4
 .text.libgcc   0x00004c74        0x0 d:/eclipse/sdk_win_64/sdk_win_64/winavr/bin/../lib/gcc/avr/4.3.3/avr5\libgcc.a(_exit.o)
 .text.libgcc   0x00004c74        0x0 d:/eclipse/sdk_win_64/sdk_win_64/winavr/bin/../lib/gcc/avr/4.3.3/avr5\libgcc.a(_copy_data.o)
 .text.libgcc   0x00004c74        0x0 d:/eclipse/sdk_win_64/sdk_win_64/winavr/bin/../lib/gcc/avr/4.3.3/avr5\libgcc.a(_clear_bss.o)
 .text.libgcc   0x00004c74       0x38 d:/eclipse/sdk_win_64/sdk_win_64/winavr/bin/../lib/gcc/avr/4.3.3/avr5\libgcc.a(_prologue.o)
                0x00004c74                __prologue_saves__
 .text.libgcc   0x00004cac       0x36 d:/eclipse/sdk_win_64/sdk_win_64/winavr/bin/../lib/gcc/avr/4.3.3/avr5\libgcc.a(_epilogue.o)
                0x00004cac                __epilogue_restores__
                0x00004ce2                . = ALIGN (0x2)
 *(.fini9)
 .fini9         0x00004ce2        0x0 d:/eclipse/sdk_win_64/sdk_win_64/winavr/bin/../lib/gcc/avr/4.3.3/avr5\libgcc.a(_exit.o)
                0x00004ce2                exit
                0x00004ce2                _exit
 *(.fini9)
 *(.fini8)
 *(.fini8)
 *(.fini7)
 *(.fini7)
 *(.fini6)
 *(.fini6)
 *(.fini5)
 *(.fini5)
 *(.fini4)
 *(.fini4)
 *(.fini3)
 *(.fini3)
 *(.fini2)
 *(.fini2)
 *(.fini1)
 *(.fini1)
 *(.fini0)
 .fini0         0x00004ce2        0x4 d:/eclipse/sdk_win_64/sdk_win_64/winavr/bin/../lib/gcc/avr/4.3.3/avr5\libgcc.a(_exit.o)
 *(.fini0)
                0x00004ce6                _etext = .

.data           0x00800060      0x15c load address 0x00004ce6
                0x00800060                PROVIDE (__data_start, .)
 *(.data)
 .data          0x00800060        0x0 d:/eclipse/sdk_win_64/sdk_win_64/winavr/bin/../lib/gcc/avr/4.3.3/../../../../avr/lib/avr5/crtm32.o
 .data          0x00800060        0x0 ./04-MCAL/05-TIMER0/TIMER0_Program.o
 .data          0x00800060        0x0 ./04-MCAL/04-GIE/GIE_Program.o
 .data          0x00800060        0x0 ./04-MCAL/03-ADC/ADC_Program.o
 .data          0x00800060        0x0 ./04-MCAL/02-EXTI/EXTI_Program.o
 .data          0x00800060        0x0 ./04-MCAL/01-DIO/DIO_Program.o
 .data          0x00800060        0x0 ./03-HAL/09-LDR/LDR_Program.o
 .data          0x00800060        0x0 ./03-HAL/08-POT/POT_Program.o
 .data          0x00800060        0x0 ./03-HAL/07-LM35/LM35_Program.o
 .data          0x00800060        0x0 ./03-HAL/06-DC_MOTOR/DC_Motor_Program.o
 .data          0x00800060        0x0 ./03-HAL/05-KPD/KPD_Program.o
 .data          0x00800060       0x13 ./03-HAL/04-CLCD/CLCD_Program.o
 .data          0x00800073        0x0 ./03-HAL/03-BUSH_BUTTON/BushButton_Program.o
 .data          0x00800073        0x0 ./03-HAL/02-SEVEN_SEGMENT/SEVEN_SEGMENT_Program.o
 .data          0x00800073        0x0 ./03-HAL/01-LED/LED_Progam.o
 .data          0x00800073        0x0 ./02-APP/main.o
 .data          0x00800073        0x0 d:/eclipse/sdk_win_64/sdk_win_64/winavr/bin/../lib/gcc/avr/4.3.3/avr5\libgcc.a(_mulsi3.o)
 .data          0x00800073        0x0 d:/eclipse/sdk_win_64/sdk_win_64/winavr/bin/../lib/gcc/avr/4.3.3/avr5\libgcc.a(_udivmodqi4.o)
 .data          0x00800073        0x0 d:/eclipse/sdk_win_64/sdk_win_64/winavr/bin/../lib/gcc/avr/4.3.3/avr5\libgcc.a(_udivmodsi4.o)
 .data          0x00800073        0x0 d:/eclipse/sdk_win_64/sdk_win_64/winavr/bin/../lib/gcc/avr/4.3.3/avr5\libgcc.a(_divmodsi4.o)
 .data          0x00800073        0x0 d:/eclipse/sdk_win_64/sdk_win_64/winavr/bin/../lib/gcc/avr/4.3.3/avr5\libgcc.a(_exit.o)
 .data          0x00800073        0x0 d:/eclipse/sdk_win_64/sdk_win_64/winavr/bin/../lib/gcc/avr/4.3.3/avr5\libgcc.a(_copy_data.o)
 .data          0x00800073        0x0 d:/eclipse/sdk_win_64/sdk_win_64/winavr/bin/../lib/gcc/avr/4.3.3/avr5\libgcc.a(_clear_bss.o)
 .data          0x00800073        0x0 d:/eclipse/sdk_win_64/sdk_win_64/winavr/bin/../lib/gcc/avr/4.3.3/avr5\libgcc.a(_fixunssfsi.o)
 .data          0x00800073        0x0 d:/eclipse/sdk_win_64/sdk_win_64/winavr/bin/../lib/gcc/avr/4.3.3/avr5\libgcc.a(_udivdi3.o)
 .data          0x00800073        0x0 d:/eclipse/sdk_win_64/sdk_win_64/winavr/bin/../lib/gcc/avr/4.3.3/avr5\libgcc.a(_umoddi3.o)
 .data          0x00800073        0x0 d:/eclipse/sdk_win_64/sdk_win_64/winavr/bin/../lib/gcc/avr/4.3.3/avr5\libgcc.a(_addsub_sf.o)
 .data          0x00800073        0x0 d:/eclipse/sdk_win_64/sdk_win_64/winavr/bin/../lib/gcc/avr/4.3.3/avr5\libgcc.a(_mul_sf.o)
 .data          0x00800073        0x0 d:/eclipse/sdk_win_64/sdk_win_64/winavr/bin/../lib/gcc/avr/4.3.3/avr5\libgcc.a(_gt_sf.o)
 .data          0x00800073        0x0 d:/eclipse/sdk_win_64/sdk_win_64/winavr/bin/../lib/gcc/avr/4.3.3/avr5\libgcc.a(_ge_sf.o)
 .data          0x00800073        0x0 d:/eclipse/sdk_win_64/sdk_win_64/winavr/bin/../lib/gcc/avr/4.3.3/avr5\libgcc.a(_lt_sf.o)
 .data          0x00800073        0x0 d:/eclipse/sdk_win_64/sdk_win_64/winavr/bin/../lib/gcc/avr/4.3.3/avr5\libgcc.a(_sf_to_si.o)
 .data          0x00800073        0x8 d:/eclipse/sdk_win_64/sdk_win_64/winavr/bin/../lib/gcc/avr/4.3.3/avr5\libgcc.a(_thenan_sf.o)
                0x00800073                __thenan_sf
 .data          0x0080007b        0x0 d:/eclipse/sdk_win_64/sdk_win_64/winavr/bin/../lib/gcc/avr/4.3.3/avr5\libgcc.a(_prologue.o)
 .data          0x0080007b        0x0 d:/eclipse/sdk_win_64/sdk_win_64/winavr/bin/../lib/gcc/avr/4.3.3/avr5\libgcc.a(_epilogue.o)
 .data          0x0080007b      0x100 d:/eclipse/sdk_win_64/sdk_win_64/winavr/bin/../lib/gcc/avr/4.3.3/avr5\libgcc.a(_clz.o)
                0x0080007b                __clz_tab
 .data          0x0080017b        0x0 d:/eclipse/sdk_win_64/sdk_win_64/winavr/bin/../lib/gcc/avr/4.3.3/avr5\libgcc.a(_pack_sf.o)
 .data          0x0080017b        0x0 d:/eclipse/sdk_win_64/sdk_win_64/winavr/bin/../lib/gcc/avr/4.3.3/avr5\libgcc.a(_unpack_sf.o)
 .data          0x0080017b        0x0 d:/eclipse/sdk_win_64/sdk_win_64/winavr/bin/../lib/gcc/avr/4.3.3/avr5\libgcc.a(_fpcmp_parts_sf.o)
 *(.data*)
 .data.KPD_Arr  0x0080017b       0x10 ./03-HAL/05-KPD/KPD_Program.o
 .data.arr_2    0x0080018b        0x8 ./03-HAL/04-CLCD/CLCD_Program.o
                0x0080018b                arr_2
 .data.SSD_Arr  0x00800193       0x28 ./03-HAL/02-SEVEN_SEGMENT/SEVEN_SEGMENT_Program.o
                0x00800193                SSD_Arr
 *(.rodata)
 *(.rodata*)
 *(.gnu.linkonce.d*)
                0x008001bc                . = ALIGN (0x2)
 *fill*         0x008001bb        0x1 00
                0x008001bc                _edata = .
                0x008001bc                PROVIDE (__data_end, .)

.bss            0x008001bc       0x12
                0x008001bc                PROVIDE (__bss_start, .)
 *(.bss)
 .bss           0x008001bc        0x0 d:/eclipse/sdk_win_64/sdk_win_64/winavr/bin/../lib/gcc/avr/4.3.3/../../../../avr/lib/avr5/crtm32.o
 .bss           0x008001bc        0x0 ./04-MCAL/05-TIMER0/TIMER0_Program.o
 .bss           0x008001bc        0x0 ./04-MCAL/04-GIE/GIE_Program.o
 .bss           0x008001bc        0x0 ./04-MCAL/03-ADC/ADC_Program.o
 .bss           0x008001bc        0x0 ./04-MCAL/02-EXTI/EXTI_Program.o
 .bss           0x008001bc        0x0 ./04-MCAL/01-DIO/DIO_Program.o
 .bss           0x008001bc        0x0 ./03-HAL/09-LDR/LDR_Program.o
 .bss           0x008001bc        0x0 ./03-HAL/08-POT/POT_Program.o
 .bss           0x008001bc        0x0 ./03-HAL/07-LM35/LM35_Program.o
 .bss           0x008001bc        0x0 ./03-HAL/06-DC_MOTOR/DC_Motor_Program.o
 .bss           0x008001bc        0x0 ./03-HAL/05-KPD/KPD_Program.o
 .bss           0x008001bc        0x0 ./03-HAL/04-CLCD/CLCD_Program.o
 .bss           0x008001bc        0x0 ./03-HAL/03-BUSH_BUTTON/BushButton_Program.o
 .bss           0x008001bc        0x0 ./03-HAL/02-SEVEN_SEGMENT/SEVEN_SEGMENT_Program.o
 .bss           0x008001bc        0x0 ./03-HAL/01-LED/LED_Progam.o
 .bss           0x008001bc        0x0 ./02-APP/main.o
 .bss           0x008001bc        0x0 d:/eclipse/sdk_win_64/sdk_win_64/winavr/bin/../lib/gcc/avr/4.3.3/avr5\libgcc.a(_mulsi3.o)
 .bss           0x008001bc        0x0 d:/eclipse/sdk_win_64/sdk_win_64/winavr/bin/../lib/gcc/avr/4.3.3/avr5\libgcc.a(_udivmodqi4.o)
 .bss           0x008001bc        0x0 d:/eclipse/sdk_win_64/sdk_win_64/winavr/bin/../lib/gcc/avr/4.3.3/avr5\libgcc.a(_udivmodsi4.o)
 .bss           0x008001bc        0x0 d:/eclipse/sdk_win_64/sdk_win_64/winavr/bin/../lib/gcc/avr/4.3.3/avr5\libgcc.a(_divmodsi4.o)
 .bss           0x008001bc        0x0 d:/eclipse/sdk_win_64/sdk_win_64/winavr/bin/../lib/gcc/avr/4.3.3/avr5\libgcc.a(_exit.o)
 .bss           0x008001bc        0x0 d:/eclipse/sdk_win_64/sdk_win_64/winavr/bin/../lib/gcc/avr/4.3.3/avr5\libgcc.a(_copy_data.o)
 .bss           0x008001bc        0x0 d:/eclipse/sdk_win_64/sdk_win_64/winavr/bin/../lib/gcc/avr/4.3.3/avr5\libgcc.a(_clear_bss.o)
 .bss           0x008001bc        0x0 d:/eclipse/sdk_win_64/sdk_win_64/winavr/bin/../lib/gcc/avr/4.3.3/avr5\libgcc.a(_fixunssfsi.o)
 .bss           0x008001bc        0x0 d:/eclipse/sdk_win_64/sdk_win_64/winavr/bin/../lib/gcc/avr/4.3.3/avr5\libgcc.a(_udivdi3.o)
 .bss           0x008001bc        0x0 d:/eclipse/sdk_win_64/sdk_win_64/winavr/bin/../lib/gcc/avr/4.3.3/avr5\libgcc.a(_umoddi3.o)
 .bss           0x008001bc        0x0 d:/eclipse/sdk_win_64/sdk_win_64/winavr/bin/../lib/gcc/avr/4.3.3/avr5\libgcc.a(_addsub_sf.o)
 .bss           0x008001bc        0x0 d:/eclipse/sdk_win_64/sdk_win_64/winavr/bin/../lib/gcc/avr/4.3.3/avr5\libgcc.a(_mul_sf.o)
 .bss           0x008001bc        0x0 d:/eclipse/sdk_win_64/sdk_win_64/winavr/bin/../lib/gcc/avr/4.3.3/avr5\libgcc.a(_gt_sf.o)
 .bss           0x008001bc        0x0 d:/eclipse/sdk_win_64/sdk_win_64/winavr/bin/../lib/gcc/avr/4.3.3/avr5\libgcc.a(_ge_sf.o)
 .bss           0x008001bc        0x0 d:/eclipse/sdk_win_64/sdk_win_64/winavr/bin/../lib/gcc/avr/4.3.3/avr5\libgcc.a(_lt_sf.o)
 .bss           0x008001bc        0x0 d:/eclipse/sdk_win_64/sdk_win_64/winavr/bin/../lib/gcc/avr/4.3.3/avr5\libgcc.a(_sf_to_si.o)
 .bss           0x008001bc        0x0 d:/eclipse/sdk_win_64/sdk_win_64/winavr/bin/../lib/gcc/avr/4.3.3/avr5\libgcc.a(_thenan_sf.o)
 .bss           0x008001bc        0x0 d:/eclipse/sdk_win_64/sdk_win_64/winavr/bin/../lib/gcc/avr/4.3.3/avr5\libgcc.a(_prologue.o)
 .bss           0x008001bc        0x0 d:/eclipse/sdk_win_64/sdk_win_64/winavr/bin/../lib/gcc/avr/4.3.3/avr5\libgcc.a(_epilogue.o)
 .bss           0x008001bc        0x0 d:/eclipse/sdk_win_64/sdk_win_64/winavr/bin/../lib/gcc/avr/4.3.3/avr5\libgcc.a(_clz.o)
 .bss           0x008001bc        0x0 d:/eclipse/sdk_win_64/sdk_win_64/winavr/bin/../lib/gcc/avr/4.3.3/avr5\libgcc.a(_pack_sf.o)
 .bss           0x008001bc        0x0 d:/eclipse/sdk_win_64/sdk_win_64/winavr/bin/../lib/gcc/avr/4.3.3/avr5\libgcc.a(_unpack_sf.o)
 .bss           0x008001bc        0x0 d:/eclipse/sdk_win_64/sdk_win_64/winavr/bin/../lib/gcc/avr/4.3.3/avr5\libgcc.a(_fpcmp_parts_sf.o)
 *(.bss*)
 .bss.TIMER0_OV
                0x008001bc        0x2 ./04-MCAL/05-TIMER0/TIMER0_Program.o
                0x008001bc                TIMER0_OV
 .bss.TIMER0_CTC
                0x008001be        0x2 ./04-MCAL/05-TIMER0/TIMER0_Program.o
                0x008001be                TIMER0_CTC
 .bss.Ptr_To_Int0
                0x008001c0        0x2 ./04-MCAL/02-EXTI/EXTI_Program.o
                0x008001c0                Ptr_To_Int0
 .bss.Ptr_To_Int1
                0x008001c2        0x2 ./04-MCAL/02-EXTI/EXTI_Program.o
                0x008001c2                Ptr_To_Int1
 .bss.Ptr_To_Int2
                0x008001c4        0x2 ./04-MCAL/02-EXTI/EXTI_Program.o
                0x008001c4                Ptr_To_Int2
 .bss.counter.1319
                0x008001c6        0x4 ./02-APP/main.o
 .bss.counter.1329
                0x008001ca        0x4 ./02-APP/main.o
 *(COMMON)
                0x008001ce                PROVIDE (__bss_end, .)
                0x00004ce6                __data_load_start = LOADADDR (.data)
                0x00004e42                __data_load_end = (__data_load_start + SIZEOF (.data))

.noinit         0x008001ce        0x0
                0x008001ce                PROVIDE (__noinit_start, .)
 *(.noinit*)
                0x008001ce                PROVIDE (__noinit_end, .)
                0x008001ce                _end = .
                0x008001ce                PROVIDE (__heap_start, .)

.eeprom         0x00810000        0x0
 *(.eeprom*)
                0x00810000                __eeprom_end = .

.fuse
 *(.fuse)
 *(.lfuse)
 *(.hfuse)
 *(.efuse)

.lock
 *(.lock*)

.signature
 *(.signature*)

.stab           0x00000000     0x3c84
 *(.stab)
 .stab          0x00000000      0x390 ./04-MCAL/05-TIMER0/TIMER0_Program.o
 .stab          0x00000390      0x1d4 ./04-MCAL/04-GIE/GIE_Program.o
                                0x1e0 (size before relaxing)
 .stab          0x00000564      0x294 ./04-MCAL/03-ADC/ADC_Program.o
                                0x2a0 (size before relaxing)
 .stab          0x000007f8      0x330 ./04-MCAL/02-EXTI/EXTI_Program.o
                                0x33c (size before relaxing)
 .stab          0x00000b28      0x540 ./04-MCAL/01-DIO/DIO_Program.o
                                0x54c (size before relaxing)
 .stab          0x00001068      0x204 ./03-HAL/09-LDR/LDR_Program.o
                                0x210 (size before relaxing)
 .stab          0x0000126c      0x240 ./03-HAL/08-POT/POT_Program.o
                                0x24c (size before relaxing)
 .stab          0x000014ac      0x234 ./03-HAL/07-LM35/LM35_Program.o
                                0x240 (size before relaxing)
 .stab          0x000016e0      0x318 ./03-HAL/06-DC_MOTOR/DC_Motor_Program.o
                                0x324 (size before relaxing)
 .stab          0x000019f8      0x5b8 ./03-HAL/05-KPD/KPD_Program.o
                                0x5c4 (size before relaxing)
 .stab          0x00001fb0      0xdb0 ./03-HAL/04-CLCD/CLCD_Program.o
                                0xf48 (size before relaxing)
 .stab          0x00002d60      0x378 ./03-HAL/03-BUSH_BUTTON/BushButton_Program.o
                                0x510 (size before relaxing)
 .stab          0x000030d8      0x450 ./03-HAL/02-SEVEN_SEGMENT/SEVEN_SEGMENT_Program.o
                                0x5e8 (size before relaxing)
 .stab          0x00003528      0x2dc ./03-HAL/01-LED/LED_Progam.o
                                0x2e8 (size before relaxing)
 .stab          0x00003804      0x480 ./02-APP/main.o
                                0x618 (size before relaxing)

.stabstr        0x00000000     0x19b5
 *(.stabstr)
 .stabstr       0x00000000     0x19b5 ./04-MCAL/05-TIMER0/TIMER0_Program.o

.stab.excl
 *(.stab.excl)

.stab.exclstr
 *(.stab.exclstr)

.stab.index
 *(.stab.index)

.stab.indexstr
 *(.stab.indexstr)

.comment
 *(.comment)

.debug
 *(.debug)

.line
 *(.line)

.debug_srcinfo
 *(.debug_srcinfo)

.debug_sfnames
 *(.debug_sfnames)

.debug_aranges  0x00000000      0x180
 *(.debug_aranges)
 .debug_aranges
                0x00000000       0x20 d:/eclipse/sdk_win_64/sdk_win_64/winavr/bin/../lib/gcc/avr/4.3.3/avr5\libgcc.a(_fixunssfsi.o)
 .debug_aranges
                0x00000020       0x20 d:/eclipse/sdk_win_64/sdk_win_64/winavr/bin/../lib/gcc/avr/4.3.3/avr5\libgcc.a(_udivdi3.o)
 .debug_aranges
                0x00000040       0x20 d:/eclipse/sdk_win_64/sdk_win_64/winavr/bin/../lib/gcc/avr/4.3.3/avr5\libgcc.a(_umoddi3.o)
 .debug_aranges
                0x00000060       0x20 d:/eclipse/sdk_win_64/sdk_win_64/winavr/bin/../lib/gcc/avr/4.3.3/avr5\libgcc.a(_addsub_sf.o)
 .debug_aranges
                0x00000080       0x20 d:/eclipse/sdk_win_64/sdk_win_64/winavr/bin/../lib/gcc/avr/4.3.3/avr5\libgcc.a(_mul_sf.o)
 .debug_aranges
                0x000000a0       0x20 d:/eclipse/sdk_win_64/sdk_win_64/winavr/bin/../lib/gcc/avr/4.3.3/avr5\libgcc.a(_gt_sf.o)
 .debug_aranges
                0x000000c0       0x20 d:/eclipse/sdk_win_64/sdk_win_64/winavr/bin/../lib/gcc/avr/4.3.3/avr5\libgcc.a(_ge_sf.o)
 .debug_aranges
                0x000000e0       0x20 d:/eclipse/sdk_win_64/sdk_win_64/winavr/bin/../lib/gcc/avr/4.3.3/avr5\libgcc.a(_lt_sf.o)
 .debug_aranges
                0x00000100       0x20 d:/eclipse/sdk_win_64/sdk_win_64/winavr/bin/../lib/gcc/avr/4.3.3/avr5\libgcc.a(_sf_to_si.o)
 .debug_aranges
                0x00000120       0x20 d:/eclipse/sdk_win_64/sdk_win_64/winavr/bin/../lib/gcc/avr/4.3.3/avr5\libgcc.a(_pack_sf.o)
 .debug_aranges
                0x00000140       0x20 d:/eclipse/sdk_win_64/sdk_win_64/winavr/bin/../lib/gcc/avr/4.3.3/avr5\libgcc.a(_unpack_sf.o)
 .debug_aranges
                0x00000160       0x20 d:/eclipse/sdk_win_64/sdk_win_64/winavr/bin/../lib/gcc/avr/4.3.3/avr5\libgcc.a(_fpcmp_parts_sf.o)

.debug_pubnames
                0x00000000      0x1d0
 *(.debug_pubnames)
 .debug_pubnames
                0x00000000       0x23 d:/eclipse/sdk_win_64/sdk_win_64/winavr/bin/../lib/gcc/avr/4.3.3/avr5\libgcc.a(_fixunssfsi.o)
 .debug_pubnames
                0x00000023       0x20 d:/eclipse/sdk_win_64/sdk_win_64/winavr/bin/../lib/gcc/avr/4.3.3/avr5\libgcc.a(_udivdi3.o)
 .debug_pubnames
                0x00000043       0x20 d:/eclipse/sdk_win_64/sdk_win_64/winavr/bin/../lib/gcc/avr/4.3.3/avr5\libgcc.a(_umoddi3.o)
 .debug_pubnames
                0x00000063       0x2c d:/eclipse/sdk_win_64/sdk_win_64/winavr/bin/../lib/gcc/avr/4.3.3/avr5\libgcc.a(_addsub_sf.o)
 .debug_pubnames
                0x0000008f       0x1f d:/eclipse/sdk_win_64/sdk_win_64/winavr/bin/../lib/gcc/avr/4.3.3/avr5\libgcc.a(_mul_sf.o)
 .debug_pubnames
                0x000000ae       0x1e d:/eclipse/sdk_win_64/sdk_win_64/winavr/bin/../lib/gcc/avr/4.3.3/avr5\libgcc.a(_gt_sf.o)
 .debug_pubnames
                0x000000cc       0x1e d:/eclipse/sdk_win_64/sdk_win_64/winavr/bin/../lib/gcc/avr/4.3.3/avr5\libgcc.a(_ge_sf.o)
 .debug_pubnames
                0x000000ea       0x1e d:/eclipse/sdk_win_64/sdk_win_64/winavr/bin/../lib/gcc/avr/4.3.3/avr5\libgcc.a(_lt_sf.o)
 .debug_pubnames
                0x00000108       0x20 d:/eclipse/sdk_win_64/sdk_win_64/winavr/bin/../lib/gcc/avr/4.3.3/avr5\libgcc.a(_sf_to_si.o)
 .debug_pubnames
                0x00000128       0x22 d:/eclipse/sdk_win_64/sdk_win_64/winavr/bin/../lib/gcc/avr/4.3.3/avr5\libgcc.a(_thenan_sf.o)
 .debug_pubnames
                0x0000014a       0x20 d:/eclipse/sdk_win_64/sdk_win_64/winavr/bin/../lib/gcc/avr/4.3.3/avr5\libgcc.a(_clz.o)
 .debug_pubnames
                0x0000016a       0x1f d:/eclipse/sdk_win_64/sdk_win_64/winavr/bin/../lib/gcc/avr/4.3.3/avr5\libgcc.a(_pack_sf.o)
 .debug_pubnames
                0x00000189       0x21 d:/eclipse/sdk_win_64/sdk_win_64/winavr/bin/../lib/gcc/avr/4.3.3/avr5\libgcc.a(_unpack_sf.o)
 .debug_pubnames
                0x000001aa       0x26 d:/eclipse/sdk_win_64/sdk_win_64/winavr/bin/../lib/gcc/avr/4.3.3/avr5\libgcc.a(_fpcmp_parts_sf.o)

.debug_info     0x00000000     0x2b67
 *(.debug_info)
 .debug_info    0x00000000       0xb1 d:/eclipse/sdk_win_64/sdk_win_64/winavr/bin/../lib/gcc/avr/4.3.3/avr5\libgcc.a(_fixunssfsi.o)
 .debug_info    0x000000b1      0x71e d:/eclipse/sdk_win_64/sdk_win_64/winavr/bin/../lib/gcc/avr/4.3.3/avr5\libgcc.a(_udivdi3.o)
 .debug_info    0x000007cf      0x757 d:/eclipse/sdk_win_64/sdk_win_64/winavr/bin/../lib/gcc/avr/4.3.3/avr5\libgcc.a(_umoddi3.o)
 .debug_info    0x00000f26      0x47a d:/eclipse/sdk_win_64/sdk_win_64/winavr/bin/../lib/gcc/avr/4.3.3/avr5\libgcc.a(_addsub_sf.o)
 .debug_info    0x000013a0      0x485 d:/eclipse/sdk_win_64/sdk_win_64/winavr/bin/../lib/gcc/avr/4.3.3/avr5\libgcc.a(_mul_sf.o)
 .debug_info    0x00001825      0x27f d:/eclipse/sdk_win_64/sdk_win_64/winavr/bin/../lib/gcc/avr/4.3.3/avr5\libgcc.a(_gt_sf.o)
 .debug_info    0x00001aa4      0x27f d:/eclipse/sdk_win_64/sdk_win_64/winavr/bin/../lib/gcc/avr/4.3.3/avr5\libgcc.a(_ge_sf.o)
 .debug_info    0x00001d23      0x27f d:/eclipse/sdk_win_64/sdk_win_64/winavr/bin/../lib/gcc/avr/4.3.3/avr5\libgcc.a(_lt_sf.o)
 .debug_info    0x00001fa2      0x2b0 d:/eclipse/sdk_win_64/sdk_win_64/winavr/bin/../lib/gcc/avr/4.3.3/avr5\libgcc.a(_sf_to_si.o)
 .debug_info    0x00002252      0x12c d:/eclipse/sdk_win_64/sdk_win_64/winavr/bin/../lib/gcc/avr/4.3.3/avr5\libgcc.a(_thenan_sf.o)
 .debug_info    0x0000237e       0xa9 d:/eclipse/sdk_win_64/sdk_win_64/winavr/bin/../lib/gcc/avr/4.3.3/avr5\libgcc.a(_clz.o)
 .debug_info    0x00002427      0x2df d:/eclipse/sdk_win_64/sdk_win_64/winavr/bin/../lib/gcc/avr/4.3.3/avr5\libgcc.a(_pack_sf.o)
 .debug_info    0x00002706      0x251 d:/eclipse/sdk_win_64/sdk_win_64/winavr/bin/../lib/gcc/avr/4.3.3/avr5\libgcc.a(_unpack_sf.o)
 .debug_info    0x00002957      0x210 d:/eclipse/sdk_win_64/sdk_win_64/winavr/bin/../lib/gcc/avr/4.3.3/avr5\libgcc.a(_fpcmp_parts_sf.o)
 *(.gnu.linkonce.wi.*)

.debug_abbrev   0x00000000     0x1266
 *(.debug_abbrev)
 .debug_abbrev  0x00000000       0x5d d:/eclipse/sdk_win_64/sdk_win_64/winavr/bin/../lib/gcc/avr/4.3.3/avr5\libgcc.a(_fixunssfsi.o)
 .debug_abbrev  0x0000005d      0x181 d:/eclipse/sdk_win_64/sdk_win_64/winavr/bin/../lib/gcc/avr/4.3.3/avr5\libgcc.a(_udivdi3.o)
 .debug_abbrev  0x000001de      0x190 d:/eclipse/sdk_win_64/sdk_win_64/winavr/bin/../lib/gcc/avr/4.3.3/avr5\libgcc.a(_umoddi3.o)
 .debug_abbrev  0x0000036e      0x1ea d:/eclipse/sdk_win_64/sdk_win_64/winavr/bin/../lib/gcc/avr/4.3.3/avr5\libgcc.a(_addsub_sf.o)
 .debug_abbrev  0x00000558      0x21b d:/eclipse/sdk_win_64/sdk_win_64/winavr/bin/../lib/gcc/avr/4.3.3/avr5\libgcc.a(_mul_sf.o)
 .debug_abbrev  0x00000773      0x15a d:/eclipse/sdk_win_64/sdk_win_64/winavr/bin/../lib/gcc/avr/4.3.3/avr5\libgcc.a(_gt_sf.o)
 .debug_abbrev  0x000008cd      0x15a d:/eclipse/sdk_win_64/sdk_win_64/winavr/bin/../lib/gcc/avr/4.3.3/avr5\libgcc.a(_ge_sf.o)
 .debug_abbrev  0x00000a27      0x15a d:/eclipse/sdk_win_64/sdk_win_64/winavr/bin/../lib/gcc/avr/4.3.3/avr5\libgcc.a(_lt_sf.o)
 .debug_abbrev  0x00000b81      0x17f d:/eclipse/sdk_win_64/sdk_win_64/winavr/bin/../lib/gcc/avr/4.3.3/avr5\libgcc.a(_sf_to_si.o)
 .debug_abbrev  0x00000d00       0xad d:/eclipse/sdk_win_64/sdk_win_64/winavr/bin/../lib/gcc/avr/4.3.3/avr5\libgcc.a(_thenan_sf.o)
 .debug_abbrev  0x00000dad       0x6a d:/eclipse/sdk_win_64/sdk_win_64/winavr/bin/../lib/gcc/avr/4.3.3/avr5\libgcc.a(_clz.o)
 .debug_abbrev  0x00000e17      0x1c0 d:/eclipse/sdk_win_64/sdk_win_64/winavr/bin/../lib/gcc/avr/4.3.3/avr5\libgcc.a(_pack_sf.o)
 .debug_abbrev  0x00000fd7      0x154 d:/eclipse/sdk_win_64/sdk_win_64/winavr/bin/../lib/gcc/avr/4.3.3/avr5\libgcc.a(_unpack_sf.o)
 .debug_abbrev  0x0000112b      0x13b d:/eclipse/sdk_win_64/sdk_win_64/winavr/bin/../lib/gcc/avr/4.3.3/avr5\libgcc.a(_fpcmp_parts_sf.o)

.debug_line     0x00000000     0x1231
 *(.debug_line)
 .debug_line    0x00000000       0xa7 d:/eclipse/sdk_win_64/sdk_win_64/winavr/bin/../lib/gcc/avr/4.3.3/avr5\libgcc.a(_fixunssfsi.o)
 .debug_line    0x000000a7      0x1d8 d:/eclipse/sdk_win_64/sdk_win_64/winavr/bin/../lib/gcc/avr/4.3.3/avr5\libgcc.a(_udivdi3.o)
 .debug_line    0x0000027f      0x230 d:/eclipse/sdk_win_64/sdk_win_64/winavr/bin/../lib/gcc/avr/4.3.3/avr5\libgcc.a(_umoddi3.o)
 .debug_line    0x000004af      0x2af d:/eclipse/sdk_win_64/sdk_win_64/winavr/bin/../lib/gcc/avr/4.3.3/avr5\libgcc.a(_addsub_sf.o)
 .debug_line    0x0000075e      0x239 d:/eclipse/sdk_win_64/sdk_win_64/winavr/bin/../lib/gcc/avr/4.3.3/avr5\libgcc.a(_mul_sf.o)
 .debug_line    0x00000997       0xd3 d:/eclipse/sdk_win_64/sdk_win_64/winavr/bin/../lib/gcc/avr/4.3.3/avr5\libgcc.a(_gt_sf.o)
 .debug_line    0x00000a6a       0xd3 d:/eclipse/sdk_win_64/sdk_win_64/winavr/bin/../lib/gcc/avr/4.3.3/avr5\libgcc.a(_ge_sf.o)
 .debug_line    0x00000b3d       0xd3 d:/eclipse/sdk_win_64/sdk_win_64/winavr/bin/../lib/gcc/avr/4.3.3/avr5\libgcc.a(_lt_sf.o)
 .debug_line    0x00000c10      0x109 d:/eclipse/sdk_win_64/sdk_win_64/winavr/bin/../lib/gcc/avr/4.3.3/avr5\libgcc.a(_sf_to_si.o)
 .debug_line    0x00000d19       0x90 d:/eclipse/sdk_win_64/sdk_win_64/winavr/bin/../lib/gcc/avr/4.3.3/avr5\libgcc.a(_thenan_sf.o)
 .debug_line    0x00000da9       0x7c d:/eclipse/sdk_win_64/sdk_win_64/winavr/bin/../lib/gcc/avr/4.3.3/avr5\libgcc.a(_clz.o)
 .debug_line    0x00000e25      0x18a d:/eclipse/sdk_win_64/sdk_win_64/winavr/bin/../lib/gcc/avr/4.3.3/avr5\libgcc.a(_pack_sf.o)
 .debug_line    0x00000faf      0x14b d:/eclipse/sdk_win_64/sdk_win_64/winavr/bin/../lib/gcc/avr/4.3.3/avr5\libgcc.a(_unpack_sf.o)
 .debug_line    0x000010fa      0x137 d:/eclipse/sdk_win_64/sdk_win_64/winavr/bin/../lib/gcc/avr/4.3.3/avr5\libgcc.a(_fpcmp_parts_sf.o)

.debug_frame    0x00000000      0x1a0
 *(.debug_frame)
 .debug_frame   0x00000000       0x20 d:/eclipse/sdk_win_64/sdk_win_64/winavr/bin/../lib/gcc/avr/4.3.3/avr5\libgcc.a(_fixunssfsi.o)
 .debug_frame   0x00000020       0x20 d:/eclipse/sdk_win_64/sdk_win_64/winavr/bin/../lib/gcc/avr/4.3.3/avr5\libgcc.a(_udivdi3.o)
 .debug_frame   0x00000040       0x20 d:/eclipse/sdk_win_64/sdk_win_64/winavr/bin/../lib/gcc/avr/4.3.3/avr5\libgcc.a(_umoddi3.o)
 .debug_frame   0x00000060       0x40 d:/eclipse/sdk_win_64/sdk_win_64/winavr/bin/../lib/gcc/avr/4.3.3/avr5\libgcc.a(_addsub_sf.o)
 .debug_frame   0x000000a0       0x20 d:/eclipse/sdk_win_64/sdk_win_64/winavr/bin/../lib/gcc/avr/4.3.3/avr5\libgcc.a(_mul_sf.o)
 .debug_frame   0x000000c0       0x20 d:/eclipse/sdk_win_64/sdk_win_64/winavr/bin/../lib/gcc/avr/4.3.3/avr5\libgcc.a(_gt_sf.o)
 .debug_frame   0x000000e0       0x20 d:/eclipse/sdk_win_64/sdk_win_64/winavr/bin/../lib/gcc/avr/4.3.3/avr5\libgcc.a(_ge_sf.o)
 .debug_frame   0x00000100       0x20 d:/eclipse/sdk_win_64/sdk_win_64/winavr/bin/../lib/gcc/avr/4.3.3/avr5\libgcc.a(_lt_sf.o)
 .debug_frame   0x00000120       0x20 d:/eclipse/sdk_win_64/sdk_win_64/winavr/bin/../lib/gcc/avr/4.3.3/avr5\libgcc.a(_sf_to_si.o)
 .debug_frame   0x00000140       0x20 d:/eclipse/sdk_win_64/sdk_win_64/winavr/bin/../lib/gcc/avr/4.3.3/avr5\libgcc.a(_pack_sf.o)
 .debug_frame   0x00000160       0x20 d:/eclipse/sdk_win_64/sdk_win_64/winavr/bin/../lib/gcc/avr/4.3.3/avr5\libgcc.a(_unpack_sf.o)
 .debug_frame   0x00000180       0x20 d:/eclipse/sdk_win_64/sdk_win_64/winavr/bin/../lib/gcc/avr/4.3.3/avr5\libgcc.a(_fpcmp_parts_sf.o)

.debug_str      0x00000000      0x31d
 *(.debug_str)
 .debug_str     0x00000000       0xbf d:/eclipse/sdk_win_64/sdk_win_64/winavr/bin/../lib/gcc/avr/4.3.3/avr5\libgcc.a(_fixunssfsi.o)
                                 0xfe (size before relaxing)
 .debug_str     0x000000bf       0x8d d:/eclipse/sdk_win_64/sdk_win_64/winavr/bin/../lib/gcc/avr/4.3.3/avr5\libgcc.a(_udivdi3.o)
                                0x18a (size before relaxing)
 .debug_str     0x0000014c        0xa d:/eclipse/sdk_win_64/sdk_win_64/winavr/bin/../lib/gcc/avr/4.3.3/avr5\libgcc.a(_umoddi3.o)
                                0x18a (size before relaxing)
 .debug_str     0x00000156      0x14d d:/eclipse/sdk_win_64/sdk_win_64/winavr/bin/../lib/gcc/avr/4.3.3/avr5\libgcc.a(_addsub_sf.o)
                                0x206 (size before relaxing)
 .debug_str     0x000002a3       0x27 d:/eclipse/sdk_win_64/sdk_win_64/winavr/bin/../lib/gcc/avr/4.3.3/avr5\libgcc.a(_mul_sf.o)
                                0x1bf (size before relaxing)
 .debug_str     0x000002ca        0x8 d:/eclipse/sdk_win_64/sdk_win_64/winavr/bin/../lib/gcc/avr/4.3.3/avr5\libgcc.a(_gt_sf.o)
                                0x195 (size before relaxing)
 .debug_str     0x000002d2        0x8 d:/eclipse/sdk_win_64/sdk_win_64/winavr/bin/../lib/gcc/avr/4.3.3/avr5\libgcc.a(_ge_sf.o)
                                0x195 (size before relaxing)
 .debug_str     0x000002da        0x8 d:/eclipse/sdk_win_64/sdk_win_64/winavr/bin/../lib/gcc/avr/4.3.3/avr5\libgcc.a(_lt_sf.o)
                                0x195 (size before relaxing)
 .debug_str     0x000002e2        0xa d:/eclipse/sdk_win_64/sdk_win_64/winavr/bin/../lib/gcc/avr/4.3.3/avr5\libgcc.a(_sf_to_si.o)
                                0x19e (size before relaxing)
 .debug_str     0x00000000      0x103 d:/eclipse/sdk_win_64/sdk_win_64/winavr/bin/../lib/gcc/avr/4.3.3/avr5\libgcc.a(_thenan_sf.o)
 .debug_str     0x00000000       0xf4 d:/eclipse/sdk_win_64/sdk_win_64/winavr/bin/../lib/gcc/avr/4.3.3/avr5\libgcc.a(_clz.o)
 .debug_str     0x000002ec       0x16 d:/eclipse/sdk_win_64/sdk_win_64/winavr/bin/../lib/gcc/avr/4.3.3/avr5\libgcc.a(_pack_sf.o)
                                0x19d (size before relaxing)
 .debug_str     0x00000302        0xb d:/eclipse/sdk_win_64/sdk_win_64/winavr/bin/../lib/gcc/avr/4.3.3/avr5\libgcc.a(_unpack_sf.o)
                                0x17f (size before relaxing)
 .debug_str     0x0000030d       0x10 d:/eclipse/sdk_win_64/sdk_win_64/winavr/bin/../lib/gcc/avr/4.3.3/avr5\libgcc.a(_fpcmp_parts_sf.o)
                                0x163 (size before relaxing)

.debug_loc      0x00000000     0x20f4
 *(.debug_loc)
 .debug_loc     0x00000000       0x34 d:/eclipse/sdk_win_64/sdk_win_64/winavr/bin/../lib/gcc/avr/4.3.3/avr5\libgcc.a(_fixunssfsi.o)
 .debug_loc     0x00000034      0xe74 d:/eclipse/sdk_win_64/sdk_win_64/winavr/bin/../lib/gcc/avr/4.3.3/avr5\libgcc.a(_udivdi3.o)
 .debug_loc     0x00000ea8      0xab2 d:/eclipse/sdk_win_64/sdk_win_64/winavr/bin/../lib/gcc/avr/4.3.3/avr5\libgcc.a(_umoddi3.o)
 .debug_loc     0x0000195a      0x32a d:/eclipse/sdk_win_64/sdk_win_64/winavr/bin/../lib/gcc/avr/4.3.3/avr5\libgcc.a(_addsub_sf.o)
 .debug_loc     0x00001c84      0x104 d:/eclipse/sdk_win_64/sdk_win_64/winavr/bin/../lib/gcc/avr/4.3.3/avr5\libgcc.a(_mul_sf.o)
 .debug_loc     0x00001d88       0x3c d:/eclipse/sdk_win_64/sdk_win_64/winavr/bin/../lib/gcc/avr/4.3.3/avr5\libgcc.a(_gt_sf.o)
 .debug_loc     0x00001dc4       0x3c d:/eclipse/sdk_win_64/sdk_win_64/winavr/bin/../lib/gcc/avr/4.3.3/avr5\libgcc.a(_ge_sf.o)
 .debug_loc     0x00001e00       0x3c d:/eclipse/sdk_win_64/sdk_win_64/winavr/bin/../lib/gcc/avr/4.3.3/avr5\libgcc.a(_lt_sf.o)
 .debug_loc     0x00001e3c       0x7e d:/eclipse/sdk_win_64/sdk_win_64/winavr/bin/../lib/gcc/avr/4.3.3/avr5\libgcc.a(_sf_to_si.o)
 .debug_loc     0x00001eba      0x13e d:/eclipse/sdk_win_64/sdk_win_64/winavr/bin/../lib/gcc/avr/4.3.3/avr5\libgcc.a(_pack_sf.o)
 .debug_loc     0x00001ff8       0xac d:/eclipse/sdk_win_64/sdk_win_64/winavr/bin/../lib/gcc/avr/4.3.3/avr5\libgcc.a(_unpack_sf.o)
 .debug_loc     0x000020a4       0x50 d:/eclipse/sdk_win_64/sdk_win_64/winavr/bin/../lib/gcc/avr/4.3.3/avr5\libgcc.a(_fpcmp_parts_sf.o)

.debug_macinfo
 *(.debug_macinfo)
OUTPUT(NTI_toggle_led.elf elf32-avr)
LOAD linker stubs

.debug_ranges   0x00000000       0x80
 .debug_ranges  0x00000000       0x18 d:/eclipse/sdk_win_64/sdk_win_64/winavr/bin/../lib/gcc/avr/4.3.3/avr5\libgcc.a(_udivdi3.o)
 .debug_ranges  0x00000018       0x18 d:/eclipse/sdk_win_64/sdk_win_64/winavr/bin/../lib/gcc/avr/4.3.3/avr5\libgcc.a(_umoddi3.o)
 .debug_ranges  0x00000030       0x50 d:/eclipse/sdk_win_64/sdk_win_64/winavr/bin/../lib/gcc/avr/4.3.3/avr5\libgcc.a(_mul_sf.o)
